           table_name
--------------------------------
 aggregate_function_matrix
 aggregate_matrix
 all_queries_stats_vw
 all_queries_timing_stats_vw
 an_cm_queries_timing_stats_vw
 an_me_queries_timing_stats_vw
 an_mp_queries_timing_stats_vw
 an_rt_queries_timing_stats_vw
 cdm_column_info_crosstab_v
 cdm_physical_dictionary_v
 cdm_remote_column_info_mv
 cdm_remote_table_indx_info_mv
 cdm_remote_table_info_mv
 cdm_to_hadoop_addn_cols
 cdm_to_hadoop_ddl
 cdm_to_hadoop_mapping
 cdm_to_hadoop_mapping_client_v
 cdm_to_hadoop_mapping_seg
 cdm_to_hadoop_overall_reqt
 cdm_to_hadoop_partition
 cdm_to_hadoop_partition_v
 cdm_to_hadoop_reqt
 cdm_to_hadoop_unwanted_cols
 dept
 devtm_cdm_col_comment_sync
 devtm_cdm_col_missing_in_c
 devtm_cdm_col_missing_in_dim
 devtm_cdm_col_missing_in_h
 devtm_cdm_sub_cols_not_super
 devtm_cdm_sup_vs_sub
 devtm_cdm_tab_col_comments
 devtm_fk_sub_not_in_super
 devtm_index_diff_part
 devtm_macys_constraints
 devtm_tablespace_diff_no_part
 devtm_tablespace_diff_part
 devtm_tablespace_diff_subpart
 dm_queries_timing_stats_vw
 dsg_queries_timing_stats_vw
 eba_demo_da_dept
 eba_demo_md_dept
 eba_demo_tf_dept
 eba_demo_tree_def_st_codes
 eba_demo_tree_dept
 eba_demo_tree_population
 eba_it_access_levels
:
